A02_REHASH_72_INPUT_SHA_OK 0001/NGC/eBOSS_LRG dat 2576333 67862ecb7860eef939f03c459ba424709cd37e8bbf00aa916f2bb2d351896536
A02_REHASH_72_INPUT_SHA_OK 0001/NGC/eBOSS_LRG ran 58463577 2f7966ab7de195353cf4d0b14f0fe4d14e4633cef5d156722e8a822518893dca
A02_REHASH_72_INPUT_SHA_OK 0001/NGC/eBOSS_ELG dat 1933801 aa399797762153b0ccff4960928c55336b35dc1131a44fbc735a7e668fbeb31e
A02_REHASH_72_INPUT_SHA_OK 0001/NGC/eBOSS_ELG ran 48498305 c36c4ad26ee62696c0df99c6106c895a6931bdc56e84164e0a52b55f0e88c1c9
A02_REHASH_72_INPUT_SHA_OK 0001/SGC/eBOSS_LRG dat 1675016 ba271958cf01a10c293b7c2876a5cad688c4618228c82378273cdb5451ae8a46
A02_REHASH_72_INPUT_SHA_OK 0001/SGC/eBOSS_LRG ran 39067667 94c8940734f3c647a2b883124392cd39855034a212ce9c6a05a6bd052bba8efe
A02_REHASH_72_INPUT_SHA_OK 0001/SGC/eBOSS_ELG dat 2122471 a7df8700eed4e4dbcc97cd184007efff2fcbe7e354001ed1334b1bf572d9595a
A02_REHASH_72_INPUT_SHA_OK 0001/SGC/eBOSS_ELG ran 52878654 1af8f7f95f6d477049c80302300e97ed2c0aa7f584a0595d61f78dea80057e38
A02_REHASH_72_INPUT_SHA_OK 0125/NGC/eBOSS_LRG dat 2478635 cb2cb898798da25f0100920d70f29e0c5f5a496a848c551104398fa473a57866
A02_REHASH_72_INPUT_SHA_OK 0125/NGC/eBOSS_LRG ran 58671425 46f3bb0777838c202ed17b70dd86ab29ce15dcacc0fab9c2512a56e382e3e4e2
A02_REHASH_72_INPUT_SHA_OK 0125/NGC/eBOSS_ELG dat 1929145 7eefb43720c0d13d05a791ca4383272945d45c21ce9b608f41264b162f3df292
A02_REHASH_72_INPUT_SHA_OK 0125/NGC/eBOSS_ELG ran 48224042 4fb7258b3698c5d68b184a15e6574c9352f2d097df99c969c39b7607d0f69540
A02_REHASH_72_INPUT_SHA_OK 0125/SGC/eBOSS_LRG dat 1589701 b68802d1255faff7e1b3b8d026d90887616b33523e9096a64e10ae73322c60b2
A02_REHASH_72_INPUT_SHA_OK 0125/SGC/eBOSS_LRG ran 38782817 382eba6695c68ecba683fea55cf8d6c4ace81c252ff8359ada763bcd27259acf
A02_REHASH_72_INPUT_SHA_OK 0125/SGC/eBOSS_ELG dat 2092852 f56f0392072f1e77930c033b5357ce09774d7886abd0554de829a206c16d5684
A02_REHASH_72_INPUT_SHA_OK 0125/SGC/eBOSS_ELG ran 52412515 5ea9b4af30fd9defea1ea0b827d7faa319f63280d9b93f99513e1b89ed32282b
A02_REHASH_72_INPUT_SHA_OK 0250/NGC/eBOSS_LRG dat 2455980 2734d2197aedcf86bc7e4acc85e54efac71d4849d8b5086cac87dc319899e04e
A02_REHASH_72_INPUT_SHA_OK 0250/NGC/eBOSS_LRG ran 57958715 faa9ac202b97bff52b4208155d26e6d5defb6fd5168d18594a557d7d7124c566
A02_REHASH_72_INPUT_SHA_OK 0250/NGC/eBOSS_ELG dat 1928274 6863af0ac3fb983b0aa055e81b381bd5a16acdbe9c7c47d27cf41a45f82e412d
A02_REHASH_72_INPUT_SHA_OK 0250/NGC/eBOSS_ELG ran 48442775 d591e19127a2e516c58532b36330dbaee636f32e2ceea9d3fda831bc30d898fd
A02_REHASH_72_INPUT_SHA_OK 0250/SGC/eBOSS_LRG dat 1597362 039cad99196e7c34da0149b9a871e01ac42ca5278176dd5542cdfdb623f4de6e
A02_REHASH_72_INPUT_SHA_OK 0250/SGC/eBOSS_LRG ran 39359569 290969f625985b89b5fde74db64eb8033235c4f15f9ce561a91568514e4df457
A02_REHASH_72_INPUT_SHA_OK 0250/SGC/eBOSS_ELG dat 2106712 c6da57c621ce0dfa57412f62d5e5bb4d766972a963f9adebfbd4b2b454fcd1f3
A02_REHASH_72_INPUT_SHA_OK 0250/SGC/eBOSS_ELG ran 52790542 1c62a0a59243fc38055dfefbc47acc0ac39303b4652ec4005db02fa20a0dd883
A02_REHASH_72_INPUT_SHA_OK 0375/NGC/eBOSS_LRG dat 2467198 0db77060efd8e6b8a645cb06414ef0d53e14820433bc68d4348a0bbf304589a6
A02_REHASH_72_INPUT_SHA_OK 0375/NGC/eBOSS_LRG ran 58122434 decacf296c3da987b7a0a7b3e23f1539d3d22d616dc1a718b48f1d4a84e5bf8f
A02_REHASH_72_INPUT_SHA_OK 0375/NGC/eBOSS_ELG dat 1961547 5142305761714bb378fbb1ff78ee09b674ce8d3de76e4813435a9512d9ca1a77
A02_REHASH_72_INPUT_SHA_OK 0375/NGC/eBOSS_ELG ran 48551902 8ad4a88b245913cb282f2e9564e61dea3ceec941d2539fda285861b7248a19f6
A02_REHASH_72_INPUT_SHA_OK 0375/SGC/eBOSS_LRG dat 1601551 c23a620ce41569a86a580865992a92b5cd160b139ffacd11faadc4a99856b18a
A02_REHASH_72_INPUT_SHA_OK 0375/SGC/eBOSS_LRG ran 39079761 effa9afce9a9bd9c5a1fa7255eb51a9e517329fedc547a862e0f173c0224e7de
A02_REHASH_72_INPUT_SHA_OK 0375/SGC/eBOSS_ELG dat 2114102 095e7e54e893ca0f4cf8491699736dff937863681752446cdb23cacd40bf002b
A02_REHASH_72_INPUT_SHA_OK 0375/SGC/eBOSS_ELG ran 52962973 c0206e25e97ca2dadaa76d265e400673f117cf737aa5b2ba0c0b4b7d7c8801ad
A02_REHASH_72_INPUT_SHA_OK 0500/NGC/eBOSS_LRG dat 2444584 b232469a262a40e1c366ff301822c23ba2f30105551f2f8b6983fc53449d6a75
A02_REHASH_72_INPUT_SHA_OK 0500/NGC/eBOSS_LRG ran 58101243 61b0be17647b2f120013a0ada648b6fb73267a2c66fc9337970c8ed837fa4338
A02_REHASH_72_INPUT_SHA_OK 0500/NGC/eBOSS_ELG dat 1944250 8a56414f8eaa1a5d1718de6bf7ad3e2d22f08c16051be5cf726b6c337087f03f
A02_REHASH_72_INPUT_SHA_OK 0500/NGC/eBOSS_ELG ran 48865986 3eefa2d8ebb2c06db105aee8638c44db9506af83b847e397c4d9361d26503af1
A02_REHASH_72_INPUT_SHA_OK 0500/SGC/eBOSS_LRG dat 1591449 df5865deb78cb3bb87f122fbecd274a19d37960952a70ce056e8649c3648595e
A02_REHASH_72_INPUT_SHA_OK 0500/SGC/eBOSS_LRG ran 39023583 a61d04e7e3e3d8bbb4c5d881a7b868db2457a1d4a45dbbe0fb61ecd5bf817130
A02_REHASH_72_INPUT_SHA_OK 0500/SGC/eBOSS_ELG dat 2143970 d356b3ea8e9b9e55fc4cdf3482722e2f61cb51055c468153f0cbff7d198ebaf8
A02_REHASH_72_INPUT_SHA_OK 0500/SGC/eBOSS_ELG ran 53148300 7796d2dcffa4323178f15099a8f787f954de1383b603c853891d3c3198722bce
A02_REHASH_72_INPUT_SHA_OK 0625/NGC/eBOSS_LRG dat 2459703 f875d2a6ce736fb5f5cc9e66c39300dcf3ad6f418f4ff23d9f3cca854c9e9eb5
A02_REHASH_72_INPUT_SHA_OK 0625/NGC/eBOSS_LRG ran 57918421 5aff234a0d2b761d8845d8f198ead88e7802feee62f1b0027b39342ae63a03d7
A02_REHASH_72_INPUT_SHA_OK 0625/NGC/eBOSS_ELG dat 1926597 a314691d6057dc81b95e58bdc423bd21990ee45cb5c555a843bee6e836112adf
A02_REHASH_72_INPUT_SHA_OK 0625/NGC/eBOSS_ELG ran 48332073 f0ca2b2c1f2bac030fe519008efd989e57ed5bba241e7c2b5dee5a6b2d11ec51
A02_REHASH_72_INPUT_SHA_OK 0625/SGC/eBOSS_LRG dat 1576999 49a2c73d55109faa9258a6fc473347c7ca181f7dd94d0181fc69d8f9b7d5b837
A02_REHASH_72_INPUT_SHA_OK 0625/SGC/eBOSS_LRG ran 39120936 9d9d6715530c3d36c6940b7717d5974fedafd2c457c7936c99154f7d38b6d01c
A02_REHASH_72_INPUT_SHA_OK 0625/SGC/eBOSS_ELG dat 2095836 115ddf01e51e2eddbb0ff8d5d80007129c411af390961ff37ca93c455cb9981a
A02_REHASH_72_INPUT_SHA_OK 0625/SGC/eBOSS_ELG ran 52544763 e1fb6cdb6d905b99fce37b3f24a8223e60ede03e214c23342fd46db3dd53c8c0
A02_REHASH_72_INPUT_SHA_OK 0750/NGC/eBOSS_LRG dat 2481586 b9dc48018fbc3566b1b671d7db30e8df673b94a234043eec41e9e7dbe40bdf8b
A02_REHASH_72_INPUT_SHA_OK 0750/NGC/eBOSS_LRG ran 58329713 2257336187151b34233e9610878f6aedf258fa9da1845c7dd4d1c03ae61779a0
A02_REHASH_72_INPUT_SHA_OK 0750/NGC/eBOSS_ELG dat 1928866 bf231d97f37abb4c3b16a56accccb6ca510019eb7157f0e3d608aff445f80967
A02_REHASH_72_INPUT_SHA_OK 0750/NGC/eBOSS_ELG ran 48160357 05705658d7b72053c28e68d7b1296136185fee05f40d73205a5c3f47567a83a1
A02_REHASH_72_INPUT_SHA_OK 0750/SGC/eBOSS_LRG dat 1604525 028d51fe60e86a275faa61b10293f8851bb7903a51c7f29ef0940968c37304e2
A02_REHASH_72_INPUT_SHA_OK 0750/SGC/eBOSS_LRG ran 39201500 d7e3f739f20367944c4713aebc0e58f5c19a251e2be5461b6f247eed76f7c5ef
A02_REHASH_72_INPUT_SHA_OK 0750/SGC/eBOSS_ELG dat 2101904 66eca0ce9744333a81a4879946342a71190895871d3dc02b411db640b8d30d28
A02_REHASH_72_INPUT_SHA_OK 0750/SGC/eBOSS_ELG ran 52585652 0d54d1a32a4230c7377c56bc84923ee8e604ae61b9ca619d947ca7809c847751
A02_REHASH_72_INPUT_SHA_OK 0875/NGC/eBOSS_LRG dat 2468990 815c391080083d12485e2e01da7cb4f64be917b55e13d0b57e3a3d03cb1f4dce
A02_REHASH_72_INPUT_SHA_OK 0875/NGC/eBOSS_LRG ran 58510161 1556a3146944728ed19e06b16bd95f99690b9c1c1bd18ae9667bc7c8122461b4
A02_REHASH_72_INPUT_SHA_OK 0875/NGC/eBOSS_ELG dat 1940195 4cd6117521d4fde0593e9f0956fdf8ec8832dcc233204118074bc8f67047cdf1
A02_REHASH_72_INPUT_SHA_OK 0875/NGC/eBOSS_ELG ran 48578735 988d11cb0603070ea34bdf9b71477cfc8e608c536b3fc2ca4074a41b13b08c5f
A02_REHASH_72_INPUT_SHA_OK 0875/SGC/eBOSS_LRG dat 1596309 5d1c8cbf5b26de4b07e266ff867cdfb65b2efb696f4dbf308860f434bd08a978
A02_REHASH_72_INPUT_SHA_OK 0875/SGC/eBOSS_LRG ran 39038031 df9a3e985c8b710ca02d0e00808b2a21a7933ede116bb40dba3da8bede94c431
A02_REHASH_72_INPUT_SHA_OK 0875/SGC/eBOSS_ELG dat 2113639 647ba05c65cfd52cbfdaa7c01661b2f959c99109f51709cf6837ecbdfd745591
A02_REHASH_72_INPUT_SHA_OK 0875/SGC/eBOSS_ELG ran 52936484 07d7adb17dd7f6099a1670e4efc38179d632b7ef96b736c7db4fa01fff28db99
A02_REHASH_72_INPUT_SHA_OK 1000/NGC/eBOSS_LRG dat 2547373 0c66bb0d3965580e44b4354f46e7065431ea07131a85daea70036b4a50b89be1
A02_REHASH_72_INPUT_SHA_OK 1000/NGC/eBOSS_LRG ran 57773021 b2e8e4a21728cf80152a2e2062eb1d3f8e7bef67478ef4c294d2c064949b8862
A02_REHASH_72_INPUT_SHA_OK 1000/NGC/eBOSS_ELG dat 1956149 84e3ac38134fd9cb581a238008125ec1c60acb407ef7c084c63d8b1549a8c7f3
A02_REHASH_72_INPUT_SHA_OK 1000/NGC/eBOSS_ELG ran 48586239 5697b34ea1a86b695d1064cb25a26b054760add8df79eb19006ec09068a99b78
A02_REHASH_72_INPUT_SHA_OK 1000/SGC/eBOSS_LRG dat 1582459 7f96a2bfb3bba15b5a111dda6a79035c2168e3cb7b72694b48a7b12b4cf46d22
A02_REHASH_72_INPUT_SHA_OK 1000/SGC/eBOSS_LRG ran 38830024 cf7e2349babe984803b317ef88479ecf055a3ac3df3591cf23324b986041f465
A02_REHASH_72_INPUT_SHA_OK 1000/SGC/eBOSS_ELG dat 2109507 2a53312ff598fe3d829f83dcd41732ccb16e7d2615014ff7a41efc2dbe2037cc
A02_REHASH_72_INPUT_SHA_OK 1000/SGC/eBOSS_ELG ran 53100254 5e49c5b8f53f7c6b5c61383ea9124cd0546556edfca6a8b7510ae1ed220708ae
A02_ALL_72_COMPLETE_GZIP_SHA_OK 72 1860198719
A03E3_FIXED_MOCK_CASE 0001/NGC RR_SUPPORT {'half_A_600': 142, 'half_B_600': 138, 'three_quarter_A_900': 144, 'full_1200': 144}
A03E3_FIXED_MOCK_CASE 0001/SGC RR_SUPPORT {'half_A_600': 144, 'half_B_600': 144, 'three_quarter_A_900': 144, 'full_1200': 144}
A03E3_FIXED_MOCK_CASE 0125/NGC RR_SUPPORT {'half_A_600': 139, 'half_B_600': 139, 'three_quarter_A_900': 143, 'full_1200': 144}
A03E3_FIXED_MOCK_CASE 0125/SGC RR_SUPPORT {'half_A_600': 144, 'half_B_600': 144, 'three_quarter_A_900': 144, 'full_1200': 144}
A03E3_FIXED_MOCK_CASE 0250/NGC RR_SUPPORT {'half_A_600': 141, 'half_B_600': 142, 'three_quarter_A_900': 144, 'full_1200': 144}
A03E3_FIXED_MOCK_CASE 0250/SGC RR_SUPPORT {'half_A_600': 144, 'half_B_600': 144, 'three_quarter_A_900': 144, 'full_1200': 144}
A03E3_FIXED_MOCK_CASE 0375/NGC RR_SUPPORT {'half_A_600': 139, 'half_B_600': 143, 'three_quarter_A_900': 144, 'full_1200': 144}
A03E3_FIXED_MOCK_CASE 0375/SGC RR_SUPPORT {'half_A_600': 144, 'half_B_600': 144, 'three_quarter_A_900': 144, 'full_1200': 144}
A03E3_FIXED_MOCK_CASE 0500/NGC RR_SUPPORT {'half_A_600': 142, 'half_B_600': 137, 'three_quarter_A_900': 144, 'full_1200': 144}
A03E3_FIXED_MOCK_CASE 0500/SGC RR_SUPPORT {'half_A_600': 144, 'half_B_600': 144, 'three_quarter_A_900': 144, 'full_1200': 144}
A03E3_FIXED_MOCK_CASE 0625/NGC RR_SUPPORT {'half_A_600': 139, 'half_B_600': 141, 'three_quarter_A_900': 144, 'full_1200': 144}
A03E3_FIXED_MOCK_CASE 0625/SGC RR_SUPPORT {'half_A_600': 144, 'half_B_600': 144, 'three_quarter_A_900': 144, 'full_1200': 144}
A03E3_FIXED_MOCK_CASE 0750/NGC RR_SUPPORT {'half_A_600': 138, 'half_B_600': 140, 'three_quarter_A_900': 143, 'full_1200': 144}
A03E3_FIXED_MOCK_CASE 0750/SGC RR_SUPPORT {'half_A_600': 144, 'half_B_600': 144, 'three_quarter_A_900': 144, 'full_1200': 144}
A03E3_FIXED_MOCK_CASE 0875/NGC RR_SUPPORT {'half_A_600': 139, 'half_B_600': 139, 'three_quarter_A_900': 144, 'full_1200': 144}
A03E3_FIXED_MOCK_CASE 0875/SGC RR_SUPPORT {'half_A_600': 144, 'half_B_600': 144, 'three_quarter_A_900': 144, 'full_1200': 144}
A03E3_FIXED_MOCK_CASE 1000/NGC RR_SUPPORT {'half_A_600': 142, 'half_B_600': 140, 'three_quarter_A_900': 144, 'full_1200': 144}
A03E3_FIXED_MOCK_CASE 1000/SGC RR_SUPPORT {'half_A_600': 144, 'half_B_600': 144, 'three_quarter_A_900': 144, 'full_1200': 144}
A03E3_NESTED_MOCK_RANDOM_SPLIT_AND_DD_ODD_INJECTION A03E3_NINE_MOCK_NESTED_RANDOM_AND_SYNTHETIC_DD_ODD_DESCRIPTIVE_ONLY
REPORT /home/dino/stress-energy-closure/eboss_workspace/a03_empirical_window/a03_e3_mock_galaxy_nested_random_split_and_synthetic_dd_odd_injection.json
COMPLETED_CASES 18
OBSERVED_ODD_DATA_READ False
